// Jest Snapshot v1, https://goo.gl/fbAQLP

exports[`App Snapshot Comprobar la UI del componente App 1`] = `
Array [
  <header
    className="Header"
  >
    <a
      href=""
    >
      <img
        src={Object {}}
      />
    </a>
    <ul
      className="Menu"
    >
      <li
        className="Active Button-Menu"
        id="home"
        onClick={[Function]}
      >
        Inicio
      </li>
      <li
        className="Button-Menu"
        id="about"
        onClick={[Function]}
      >
        Acerca
      </li>
      <li
        className="Button-Menu"
        id="services"
        onClick={[Function]}
      >
        Servicios
      </li>
      <li
        className="Button-Menu"
        id="products"
        onClick={[Function]}
      >
        Productos
      </li>
      <li
        className="Button-Menu"
        id="contact"
        onClick={[Function]}
      >
        Contacto
      </li>
    </ul>
  </header>,
  <div
    className="Hero"
  >
    <h1>
      Soluciones corporativas
    </h1>
    <h2>
      Lorem ipsum dolor sit amet, consectetuer adipiscing elit
    </h2>
  </div>,
  <div
    className="CardList"
  >
    <figure
      className="Card"
    >
      <img
        alt=""
        src="../src/images/dudes 1.jpg"
      />
      <figcaption>
        <h4>
          Consultoría
        </h4>
        <p>
          Duis autem velm iriure dolor in hendrerit vulputate...
        </p>
      </figcaption>
    </figure>
    <figure
      className="Card"
    >
      <img
        alt=""
        src="../src/images/plant.png"
      />
      <figcaption>
        <h4>
          Formación
        </h4>
        <p>
          Veliesse molestie consequat vel illum dolore...
        </p>
      </figcaption>
    </figure>
    <figure
      className="Card"
    >
      <img
        alt=""
        src="../src/images/images3.png"
      />
      <figcaption>
        <h4>
          Análisis
        </h4>
        <p>
          Feugiat nulla facilisis at vero eroes et accumsan...
        </p>
      </figcaption>
    </figure>
    <figure
      className="Card"
    >
      <img
        alt=""
        src="../src/images/images4.png"
      />
      <figcaption>
        <h4>
          Investigación
        </h4>
        <p>
          Dignissim qui blandit praent luptatum...
        </p>
      </figcaption>
    </figure>
  </div>,
  <footer
    className="Footer"
  >
    <div
      className="Block-Content"
    >
      <h3>
        ¡Bienvenido!
      </h3>
      <p
        className="Content"
      >
        Lorem ipsum dolor sit amet, consectetuer adipiscing elit. 
        <span>
          Aenean commodo
        </span>
         liguia eget dolor. Aenean massa. Cum socils natoque penatibus et magnis dis parturiet montes, nascetur ridiculus mus.
      </p>
      <p
        className="Content"
      >
        Nulla consequat massa quis enim. Donec pede justo, fringilla vel, aliquet nec, vulputate eget, arcu. In enim justo, rhoncus ut, imperdiet a, venenatis vitae, justo. 
        <span>
          Nullam dictum
        </span>
         felis eu pede mollis pretum. Integer tincidunt. Cras dapibus. Vivamus elementum semper nisi. Aenean vulputate eleifend tellus.
      </p>
      <button
        className="Button"
        href=""
        id="1"
        onClick={[Function]}
      >
        Leer más
      </button>
    </div>
    <div
      className="Block-Content"
    >
      <h3>
        Noticias Recientes
      </h3>
      <p
        className="Content-Date"
      >
        Publicada: 09.09.2012
      </p>
      <p
        className="Content"
      >
        Nam liber tempor cum soluta nobis eleifend option congue nihimperdiet doming quod mazim placerat facer possim assum orem ipsum dolor sit amet consectetuer.
      </p>
      <p
        className="Content-Date"
      >
        Publicada: 08.09.2012
      </p>
      <p
        className="Content"
      >
        Adipiscing elit, sed diam nonummy nibh euismod tincidunt ut laoreet dolore magna aliquam erat volutpat. Ut wisi enim ad minim veniam, quis nostrud exerci tation.
      </p>
      <button
        className="Button"
        href=""
        id="2"
        onClick={[Function]}
      >
        Más noticias
      </button>
    </div>
    <div
      className="Block-Content"
    >
      <h3>
        Nuestros Servicios
      </h3>
      <ul>
        <li>
          &gt;
           Consultoría Gerencial
        </li>
        <li>
          &gt;
           Análisis Regulatorio de Politicas
        </li>
        <li>
          &gt;
           Investigación de Mercado
        </li>
        <li>
          &gt;
           Gestión de Proyectos
        </li>
        <li>
          &gt;
           Regulación de Soporte
        </li>
        <li>
          &gt;
           Análisis de Riesgos
        </li>
        <li>
          &gt;
           Formación Gerencial
        </li>
      </ul>
      <button
        className="Button"
        href=""
        id="3"
        onClick={[Function]}
      >
        Leer más
      </button>
    </div>
  </footer>,
]
`;
